// Jest Snapshot v1, https://goo.gl/fbAQLP

exports[`FiresCollection firesCollection.createWithId(doc) should throw if id already exists 1`] = `[Error: col.the id already exists]`;
