// Jest Snapshot v1, https://goo.gl/fbAQLP

exports[`Integration - Create FirecrackerCollection.createWithId should not add any document if specific ID exists 1`] = `[Error: integration-create.wow already exists]`;
